// Jest Snapshot v1, https://goo.gl/fbAQLP

exports[`InsertPopup.vue renders correctly 1`] = `
<div>
  <div
    class="insert-popup"
    style="left: 0px; top: 0px;"
  >
    <button
      class="insert-popup__item insert-popup__bold"
    />
     
    <button
      class="insert-popup__item insert-popup__italic"
    />
     
    <button
      class="insert-popup__item insert-popup__quote"
    />
     
    <button
      class="insert-popup__item insert-popup__heading"
    />
     
    <button
      class="insert-popup__item insert-popup__subheading"
    />
     
    <button
      class="insert-popup__item insert-popup__textlink"
    />
     
    <!---->
     
    <!---->
     
    <!---->
  </div>
   
  <div
    class="link-popup"
    style="left: 0px; top: 0px; cursor: pointer;"
  >
    
    
  
  </div>
</div>
`;
