// Jest Snapshot v1, https://goo.gl/fbAQLP

exports[`ImageBlock.vue renders correctly (preview mode) 1`] = `
<div
  class="aliseditor--image preview"
>
  <div
    class="preview-content"
  >
    <img
      src="https://github.com/potato4d.png"
    />
    <br />
     
    <p
      class="caption"
    >
      
    </p>
  </div>
</div>
`;

exports[`ImageBlock.vue renders correctly 1`] = `
<div
  class="aliseditor--image"
>
  <div
    style="display: inline-block; position: relative;"
  >
    <span
      class="image--wrapper"
    >
      <img
        class="main-image"
        src="https://github.com/potato4d.png"
      />
      <br />
       
      <shadowinput-stub />
       
      <input
        class="image--caption"
        placeholder="説明文を入力"
        style="opacity: 1;"
      />
    </span>
     
    <!---->
     
    <div
      class="image-toolbar"
    >
      <div
        class="toolbar-item"
      >
        <svg
          class="feather feather-align-left"
          fill="none"
          height="24"
          stroke="currentColor"
          stroke-linecap="round"
          stroke-linejoin="round"
          stroke-width="2"
          viewBox="0 0 24 24"
          width="24"
          xmlns="http://www.w3.org/2000/svg"
        >
          <line
            x1="17"
            x2="3"
            y1="10"
            y2="10"
          />
           
          <line
            x1="21"
            x2="3"
            y1="6"
            y2="6"
          />
           
          <line
            x1="21"
            x2="3"
            y1="14"
            y2="14"
          />
           
          <line
            x1="17"
            x2="3"
            y1="18"
            y2="18"
          />
        </svg>
      </div>
       
      <div
        class="toolbar-item is-active"
      >
        <svg
          class="feather feather-align-center"
          fill="none"
          height="24"
          stroke="currentColor"
          stroke-linecap="round"
          stroke-linejoin="round"
          stroke-width="2"
          viewBox="0 0 24 24"
          width="24"
          xmlns="http://www.w3.org/2000/svg"
        >
          <line
            x1="18"
            x2="6"
            y1="10"
            y2="10"
          />
           
          <line
            x1="21"
            x2="3"
            y1="6"
            y2="6"
          />
           
          <line
            x1="21"
            x2="3"
            y1="14"
            y2="14"
          />
           
          <line
            x1="18"
            x2="6"
            y1="18"
            y2="18"
          />
        </svg>
      </div>
       
      <div
        class="toolbar-item"
      >
        <svg
          class="feather feather-align-right"
          fill="none"
          height="24"
          stroke="currentColor"
          stroke-linecap="round"
          stroke-linejoin="round"
          stroke-width="2"
          viewBox="0 0 24 24"
          width="24"
          xmlns="http://www.w3.org/2000/svg"
        >
          <line
            x1="21"
            x2="7"
            y1="10"
            y2="10"
          />
           
          <line
            x1="21"
            x2="3"
            y1="6"
            y2="6"
          />
           
          <line
            x1="21"
            x2="3"
            y1="14"
            y2="14"
          />
           
          <line
            x1="21"
            x2="7"
            y1="18"
            y2="18"
          />
        </svg>
      </div>
    </div>
     
    <div
      class="delete-button"
    >
      
      ×
    
    </div>
  </div>
</div>
`;
