// Jest Snapshot v1, https://goo.gl/fbAQLP

exports[`QuoteBlock.vue renders correctly (preview mode) 1`] = `
<blockquote>
  <span
    class="text preview"
  >
     foo 
  </span>
</blockquote>
`;

exports[`QuoteBlock.vue renders correctly 1`] = `
<blockquote>
  <textarea
    data-id="456"
    placeholder=""
    rows="1"
    style="overflow-x: hidden; word-wrap: break-word; overflow-y: hidden;"
  >
    foo
  </textarea>
</blockquote>
`;
